
> pulse@28.1.0 build
> vite build

[36mvite v6.4.1 [32mbuilding for production...[36m[39m
transforming...
[32m✓[39m 3855 modules transformed.
rendering chunks...
[33m[esbuild css minify]
▲ [WARNING] Unexpected "*" [css-syntax-error]

    <stdin>:2257:64:
      2257 │ ...-room-container:not(.dark) .war-room-panel p:not(.text-rose-*) {
           ╵                                                                ^


▲ [WARNING] Expected identifier but found "10px\\\\" [css-syntax-error]

    <stdin>:26774:9:
      26774 │ .text-\\[10px\\].uppercase.tracking-widest,
            ╵          ~~~~~~


▲ [WARNING] Expected identifier but found "10px\\\\" [css-syntax-error]

    <stdin>:26779:15:
      26779 │ .dark .text-\\[10px\\].uppercase.tracking-widest,
            ╵                ~~~~~~

[39m
[33m[plugin vite:reporter] 
(!) F:/pulse1/src/components/Analytics/AnalyticsDashboard.tsx is dynamically imported by F:/pulse1/src/components/Sidebar/SidebarContent.tsx but also statically imported by F:/pulse1/src/components/Analytics/index.ts, dynamic import will not move module into another chunk.
[39m
computing gzip size...
[2mdist/[22m[32mregisterSW.js                                   [39m[1m[2m    0.13 kB[22m[1m[22m
[2mdist/[22m[32mmanifest.webmanifest                            [39m[1m[2m    0.53 kB[22m[1m[22m
[2mdist/[22m[32mindex.html                                      [39m[1m[2m    5.25 kB[22m[1m[22m[2m │ gzip:   1.70 kB[22m
[2mdist/[22m[35massets/ailab-BjElmk46.css                       [39m[1m[2m   65.85 kB[22m[1m[22m[2m │ gzip:  10.78 kB[22m
[2mdist/[22m[35massets/decisions-tasks-C-Qzjpx5.css             [39m[1m[2m   79.77 kB[22m[1m[22m[2m │ gzip:  12.02 kB[22m
[2mdist/[22m[35massets/warroom-D9tpZ46d.css                     [39m[1m[2m  285.88 kB[22m[1m[22m[2m │ gzip:  44.41 kB[22m
[2mdist/[22m[35massets/index-XNEv4Ix6.css                       [39m[1m[2m  725.47 kB[22m[1m[22m[2m │ gzip: 103.49 kB[22m
[2mdist/[22m[36massets/_commonjs-dynamic-modules-BHR_E30J.js    [39m[1m[2m    0.24 kB[22m[1m[22m[2m │ gzip:   0.19 kB[22m
[2mdist/[22m[36massets/textProcessor-DXm1MX6y.js                [39m[1m[2m    0.47 kB[22m[1m[22m[2m │ gzip:   0.32 kB[22m
[2mdist/[22m[36massets/web-BLFLGcNF.js                          [39m[1m[2m    0.63 kB[22m[1m[22m[2m │ gzip:   0.39 kB[22m
[2mdist/[22m[36massets/enhancements-security-CUjnfkOw.js        [39m[1m[2m    0.81 kB[22m[1m[22m[2m │ gzip:   0.46 kB[22m
[2mdist/[22m[36massets/enhancements-proactive-BB1dvEpR.js       [39m[1m[2m    0.82 kB[22m[1m[22m[2m │ gzip:   0.46 kB[22m
[2mdist/[22m[36massets/enhancements-multimedia-CGU4vynz.js      [39m[1m[2m    0.85 kB[22m[1m[22m[2m │ gzip:   0.45 kB[22m
[2mdist/[22m[36massets/enhancements-communication-DlWkAqw5.js   [39m[1m[2m    0.85 kB[22m[1m[22m[2m │ gzip:   0.47 kB[22m
[2mdist/[22m[36massets/enhancements-automation-Bkarx_3-.js      [39m[1m[2m    0.85 kB[22m[1m[22m[2m │ gzip:   0.48 kB[22m
[2mdist/[22m[36massets/enhancements-collaboration-lz9j_78B.js   [39m[1m[2m    0.85 kB[22m[1m[22m[2m │ gzip:   0.48 kB[22m
[2mdist/[22m[36massets/enhancements-productivity-wQ8qR0Tv.js    [39m[1m[2m    0.88 kB[22m[1m[22m[2m │ gzip:   0.47 kB[22m
[2mdist/[22m[36massets/enhancements-ai-r9Hmmmwn.js              [39m[1m[2m    0.88 kB[22m[1m[22m[2m │ gzip:   0.47 kB[22m
[2mdist/[22m[36massets/enhancements-intelligence-CAUOemZR.js    [39m[1m[2m    0.93 kB[22m[1m[22m[2m │ gzip:   0.51 kB[22m
[2mdist/[22m[36massets/enhancements-analytics-CUvS3ABU.js       [39m[1m[2m    0.97 kB[22m[1m[22m[2m │ gzip:   0.51 kB[22m
[2mdist/[22m[36massets/web-cAgqMB7_.js                          [39m[1m[2m    1.01 kB[22m[1m[22m[2m │ gzip:   0.47 kB[22m
[2mdist/[22m[36massets/web-DVNQavYo.js                          [39m[1m[2m    1.48 kB[22m[1m[22m[2m │ gzip:   0.70 kB[22m
[2mdist/[22m[36massets/whisperService-DwnU2j2c.js               [39m[1m[2m    1.58 kB[22m[1m[22m[2m │ gzip:   0.66 kB[22m
[2mdist/[22m[36massets/AIComposer-CwgUxc3Y.js                   [39m[1m[2m    3.68 kB[22m[1m[22m[2m │ gzip:   1.35 kB[22m
[2mdist/[22m[36massets/googleContactsService-CT9blegq.js        [39m[1m[2m    4.47 kB[22m[1m[22m[2m │ gzip:   1.85 kB[22m
[2mdist/[22m[36massets/hubspotService-CXqS6eWk.js               [39m[1m[2m    4.70 kB[22m[1m[22m[2m │ gzip:   1.52 kB[22m
[2mdist/[22m[36massets/salesforceService-Dr5eTdGU.js            [39m[1m[2m    5.43 kB[22m[1m[22m[2m │ gzip:   1.68 kB[22m
[2mdist/[22m[36massets/pipedriveService-Bqxk_KGb.js             [39m[1m[2m    6.59 kB[22m[1m[22m[2m │ gzip:   1.68 kB[22m
[2mdist/[22m[36massets/zohoService-D9uDcEc3.js                  [39m[1m[2m    7.10 kB[22m[1m[22m[2m │ gzip:   1.81 kB[22m
[2mdist/[22m[36massets/CRMSidepanel-B1fjpWHL.js                 [39m[1m[2m   15.84 kB[22m[1m[22m[2m │ gzip:   3.53 kB[22m
[2mdist/[22m[36massets/imageProcessor-B7fMyW4K.js               [39m[1m[2m   15.91 kB[22m[1m[22m[2m │ gzip:   6.80 kB[22m
[2mdist/[22m[36massets/enhancements-ai-core-JqHVxQUf.js         [39m[1m[2m   18.23 kB[22m[1m[22m[2m │ gzip:   5.33 kB[22m
[2mdist/[22m[36massets/enhancements-ui-core-BTw0Btlb.js         [39m[1m[2m   19.12 kB[22m[1m[22m[2m │ gzip:   5.95 kB[22m
[2mdist/[22m[36massets/enhancements-collab-core-C_dKbTkr.js     [39m[1m[2m   28.54 kB[22m[1m[22m[2m │ gzip:   5.97 kB[22m
[2mdist/[22m[36massets/vendor-icons-TqM0VRfC.js                 [39m[1m[2m   29.95 kB[22m[1m[22m[2m │ gzip:   9.87 kB[22m
[2mdist/[22m[36massets/enhancements-analytics-core-COIiLks4.js  [39m[1m[2m   31.93 kB[22m[1m[22m[2m │ gzip:   8.34 kB[22m
[2mdist/[22m[36massets/retryHelper-B4WlC78b.js                  [39m[1m[2m   39.65 kB[22m[1m[22m[2m │ gzip:  15.30 kB[22m
[2mdist/[22m[36massets/vendor-utils-D6PgsNbj.js                 [39m[1m[2m   49.80 kB[22m[1m[22m[2m │ gzip:  16.12 kB[22m
[2mdist/[22m[36massets/ailab-D3yic1bF.js                        [39m[1m[2m   62.42 kB[22m[1m[22m[2m │ gzip:  16.84 kB[22m
[2mdist/[22m[36massets/vendor-ai-anthropic-DFyKCa3Q.js          [39m[1m[2m   66.62 kB[22m[1m[22m[2m │ gzip:  18.43 kB[22m
[2mdist/[22m[36massets/vendor-ai-openai-DAFzVwos.js             [39m[1m[2m  101.88 kB[22m[1m[22m[2m │ gzip:  27.01 kB[22m
[2mdist/[22m[36massets/vendor-ui-motion-e_uDOvu3.js             [39m[1m[2m  118.08 kB[22m[1m[22m[2m │ gzip:  37.80 kB[22m
[2mdist/[22m[36massets/decisions-tasks-BJYj_k3E.js              [39m[1m[2m  164.21 kB[22m[1m[22m[2m │ gzip:  48.23 kB[22m
[2mdist/[22m[36massets/vendor-supabase-DuXo7zcI.js              [39m[1m[2m  188.79 kB[22m[1m[22m[2m │ gzip:  47.21 kB[22m
[2mdist/[22m[36massets/vendor-ai-google-C-jeRCp9.js             [39m[1m[2m  210.68 kB[22m[1m[22m[2m │ gzip:  35.58 kB[22m
[2mdist/[22m[36massets/email-0GWfTwyU.js                        [39m[1m[2m  234.50 kB[22m[1m[22m[2m │ gzip:  53.32 kB[22m
[2mdist/[22m[36massets/vendor-react-C3IxU-v3.js                 [39m[1m[2m  315.25 kB[22m[1m[22m[2m │ gzip:  96.97 kB[22m
[2mdist/[22m[36massets/pdfProcessor-DqFZCPpr.js                 [39m[1m[2m  403.08 kB[22m[1m[22m[2m │ gzip: 115.49 kB[22m
[2mdist/[22m[36massets/docxProcessor-B_HW6ukb.js                [39m[1m[2m  493.97 kB[22m[1m[22m[2m │ gzip: 124.44 kB[22m
[2mdist/[22m[36massets/warroom-B2UTo_-y.js                      [39m[1m[33m  626.98 kB[39m[22m[2m │ gzip: 140.39 kB[22m
[2mdist/[22m[36massets/enhancements-utils-Dedtudp6.js           [39m[1m[33m  737.73 kB[39m[22m[2m │ gzip: 151.29 kB[22m
[2mdist/[22m[36massets/xlsxProcessor-XN13ZKiT.js                [39m[1m[33m  932.11 kB[39m[22m[2m │ gzip: 256.56 kB[22m
[2mdist/[22m[36massets/index-DJ8Xjwxx.js                        [39m[1m[33m1,964.87 kB[39m[22m[2m │ gzip: 442.20 kB[22m
[33m
(!) Some chunks are larger than 500 kB after minification. Consider:
- Using dynamic import() to code-split the application
- Use build.rollupOptions.output.manualChunks to improve chunking: https://rollupjs.org/configuration-options/#output-manualchunks
- Adjust chunk size limit for this warning via build.chunkSizeWarningLimit.[39m
[32m✓ built in 1m 27s[39m

PWA v1.2.0
mode      generateSW
precache  62 entries (7918.34 KiB)
files generated
  dist/sw.js
  dist/workbox-58bd4dca.js
